random: crng init done
Ramdisk addr 0x00000000, 
FDT at 0x908ab4b4
Linux version 6.18.7 (br@dc7abed7fa66) (microblazeel-buildroot-linux-gnu-gcc.br_real (Buildroot -g0e94f8d4-dirty) 15.3.0, GNU ld (GNU Binutils) 2.45.1) #17 Thu Aug 13 16:21:54 UTC 2026
setup_memory: min_low_pfn: 0x90000
setup_memory: max_low_pfn: 0x98000
setup_memory: max_pfn: 0x98000
Zone ranges:
  DMA      [mem 0x0000000090000000-0x0000000097ffffff]
  Normal   empty
Movable zone start for each node
Early memory node ranges
  node   0: [mem 0x0000000090000000-0x0000000097ffffff]
Initmem setup node 0 [mem 0x0000000090000000-0x0000000097ffffff]
OF: reserved mem: Reserved memory: No reserved-memory node in the DT
setup_cpuinfo: initialising
setup_cpuinfo: No PVR support. Using static CPU info from FDT
wt_msr
pcpu-alloc: s0 r0 d32768 u32768 alloc=1*32768
pcpu-alloc: [0] 0 
Kernel command line: console=ttyUL0,115200 panic=1 print-fatal-signals=1
printk: log buffer data + meta data: 131072 + 409600 = 540672 bytes
Dentry cache hash table entries: 16384 (order: 4, 65536 bytes, linear)
Inode-cache hash table entries: 8192 (order: 3, 32768 bytes, linear)
Built 1 zonelists, mobility grouping on.  Total pages: 32768
mem auto-init: stack:all(zero), heap alloc:off, heap free:off
SLUB: HWalign=32, Order=0-3, MinObjects=0, CPUs=1, Nodes=1
NR_IRQS: 64, nr_irqs: 64, preallocated irqs: 0
irq-xilinx: /plb/interrupt-controller@81800000: num_irq=4, edge=0xa
ERROR: CPU CCF input clock not found
/plb/timer@83c00000: irq=1
ERROR: timer CCF input clock not found
ERROR: Using CPU clock frequency
clocksource: xilinx_clocksource: mask: 0xffffffff max_cycles: 0xffffffff, max_idle_ns: 30580167144 ns
xilinx_timer_shutdown
xilinx_timer_set_periodic
sched_clock: 32 bits at 63MHz, resolution 16ns, wraps every 34359738360ns
Console: colour dummy device 80x25
Calibrating delay loop... 5279.74 BogoMIPS (lpj=10559488)
pid_max: default: 32768 minimum: 301
Mount-cache hash table entries: 1024 (order: 0, 4096 bytes, linear)
Mountpoint-cache hash table entries: 1024 (order: 0, 4096 bytes, linear)
Memory: 120380K/131072K available (5153K kernel code, 515K rwdata, 928K rodata, 2205K init, 188K bss, 10364K reserved, 0K cma-reserved)
devtmpfs: initialized
clocksource: jiffies: mask: 0xffffffff max_cycles: 0xffffffff, max_idle_ns: 7645041785100000 ns
posixtimers hash table entries: 512 (order: 0, 2048 bytes, linear)
futex hash table entries: 256 (4096 bytes on 1 NUMA nodes, total 4 KiB, linear).
NET: Registered PF_NETLINK/PF_ROUTE protocol family
DMA: preallocated 128 KiB GFP_KERNEL pool for atomic allocations
DMA: preallocated 128 KiB GFP_KERNEL|GFP_DMA pool for atomic allocations
pps_core: LinuxPPS API ver. 1 registered
pps_core: Software ver. 5.3.6 - Copyright 2005-2007 Rodolfo Giometti <giometti@linux.it>
PTP clock support registered
clocksource: Switched to clocksource xilinx_clocksource
NET: Registered PF_INET protocol family
IP idents hash table entries: 2048 (order: 2, 16384 bytes, linear)
tcp_listen_portaddr_hash hash table entries: 1024 (order: 0, 4096 bytes, linear)
Table-perturb hash table entries: 65536 (order: 6, 262144 bytes, linear)
TCP established hash table entries: 1024 (order: 0, 4096 bytes, linear)
TCP bind hash table entries: 1024 (order: 1, 8192 bytes, linear)
TCP: Hash tables configured (established 1024 bind 1024)
UDP hash table entries: 256 (order: 1, 8192 bytes, linear)
UDP-Lite hash table entries: 256 (order: 1, 8192 bytes, linear)
NET: Registered PF_UNIX/PF_LOCAL protocol family
workingset: timestamp_bits=30 max_order=15 bucket_order=0
io scheduler mq-deadline registered
io scheduler kyber registered
84000000.serial: ttyUL0 at MMIO 0x84000000 (irq = 3, base_baud = 0) is a uartlite
printk: legacy console [ttyUL0] enabled
xilinx_emaclite 81000000.ethernet: Device Tree Probing
xilinx_emaclite 81000000.ethernet: Failed to register mdio bus.
xilinx_emaclite 81000000.ethernet: MAC address is now 02:00:00:00:00:00
xilinx_emaclite 81000000.ethernet: Xilinx EmacLite at 0x81000000 mapped to 0x4a300ec2, irq=2
NET: Registered PF_INET6 protocol family
Segment Routing with IPv6
In-situ OAM (IOAM) with IPv6
sit: IPv6, IPv4 and MPLS over IPv4 tunneling driver
NET: Registered PF_PACKET protocol family
clk: Disabling unused clocks
Freeing unused kernel image (initmem) memory: 2204K
This architecture does not have kernel memory protection.
Run /init as init process
  with arguments:
    /init
  with environment:
    HOME=/
    TERM=linux
echo "=== control4: workaround compiler, pristine entry.S ==="
grep -A20 BADFAULT /out/boot-control4.log 2>/dev/null | head -26 || tail -14 /out/boot-control4.log
qemu-system-microblazeel: terminating on signal 15 from pid 16578 (timeout)
